hdfs://haruna/home/byte_data_seed/lf_lq/speech/data_store/BigTTS/ds=tts_en_S11labs-794speaker_P1/package/wav_1.0_web_dataset_2/data/part=*/*.tar
hdfs://haruna/home/byte_data_seed/lf_lq/speech/data_store/BigTTS/ds=tts_en_S11labs-general_P1/package/wav_1.0_web_dataset_2/data/part=*/*.tar
hdfs://haruna/home/byte_data_seed/lf_lq/speech/data_store/BigTTS/ds=tts_en_Sbigspeech_P1/package/wav_1.0_web_dataset_2/data/part=*/*.tar
hdfs://haruna/home/byte_data_seed/lf_lq/speech/data_store/BigTTS/ds=tts_en_Sdemo-speaker_P1/package/wav_1.0_web_dataset_2/data/part=*/*.tar
hdfs://haruna/home/byte_data_seed/lf_lq/speech/data_store/BigTTS/ds=tts_en_Slibrivox-bc13-seg_P1/package/wav_1.0_web_dataset_2/data/part=*/*.tar
hdfs://haruna/home/byte_data_seed/lf_lq/speech/data/data_store/BigTTS/BC2013_mos3.9_sim0.0_snr7_rms-13_asr0.8_internal_1_5_10s/package/wav_1.0_web_dataset_3/data/part=*/*.tar
hdfs://haruna/home/byte_data_seed/lf_lq/speech/data/data_store/BigTTS/BC2013_mos3.9_sim0.0_snr7_rms-13_asr0.8_internal_1_gt_10s/package/wav_1.0_web_dataset_4/data/part=*/*.tar
hdfs://haruna/home/byte_data_seed/lf_lq/speech/data/data_store/BigTTS/librilight_mos3.8_sim0.0_snr7_rms-13_asr0.85_internal_1_5_10s/package/wav_1.0_web_dataset_3/data/part=*/*.tar
hdfs://haruna/home/byte_data_seed/lf_lq/speech/data/data_store/BigTTS/librilight_mos3.8_sim0.0_snr7_rms-13_asr0.85_internal_1_gt_10s/package/wav_1.0_web_dataset_3/data/part=*/*.tar
hdfs://haruna/home/byte_data_seed/lf_lq/speech/data_store/BigTTS/tts_Len_Sresso-podcast_F1.0_D10-60_P1/package/wav_1.0_web_dataset_1/data/part=*/*.tar
hdfs://haruna/home/byte_data_seed/lf_lq/speech/data_store/BigTTS/tts_Len_S11labs-rp2900_P1/package/wav_1.0_web_dataset_2/data/part=*/*.tar
hdfs://haruna/home/byte_data_seed/lf_lq/speech/data_store/BigTTS/tts_Len_Sresso-podcast_F2.0_D5-10_P1/package/wav_1.0_web_dataset_2/data/part=*/*.tar
hdfs://haruna/home/byte_data_seed/lf_lq/speech/data_store/BigTTS/tts_Len_Sresso-podcast_F2.0_D10-60_P1/package/wav_1.0_web_dataset_2/data/part=*/*.tar
hdfs://haruna/home/byte_data_seed/lf_lq/speech/data_store/BigTTS/ds=tts_zh_Sbigspeech_P1/package/wav_1.0_web_dataset_2/data/part=*/*.tar
hdfs://haruna/home/byte_data_seed/lf_lq/speech/data_store/BigTTS/tts_Lmand_Sxiaoyuzhou_F6.1_D0-10_P1/package/wav_1.0_web_dataset_2/data/part=*/*.tar
hdfs://haruna/home/byte_data_seed/lf_lq/speech/data_store/BigTTS/tts_Lmand_Sxiaoyuzhou_F6.1_D10-100_P1/package/wav_1.0_web_dataset_2/data/part=*/*.tar
hdfs://haruna/home/byte_data_seed/lf_lq/speech/data_store/BigTTS/tts_Lmand_Sximalaya_F6.1_D10-100_P1/package/wav_1.0_web_dataset_2/data/part=*/*.tar
hdfs://haruna/home/byte_data_seed/lf_lq/speech/data_store/BigTTS/tts_Lmand_Sximalaya_F6.1_D0-10_P1/package/wav_1.0_web_dataset_2/data/part=*/*.tar
hdfs://haruna/home/byte_data_seed/lf_lq/speech/data/data_store/BigTTS/fanqie_filter_v5.1/0_10/package/wav_1.0_web_dataset_2/data/part*/*.tar
hdfs://haruna/home/byte_data_seed/lf_lq/speech/data/data_store/BigTTS/fanqie_filter_v5.1/gt10/package/wav_1.0_web_dataset_2/data/part*/*.tar